#! /c/Source/iverilog-install/bin/vvp
:ivl_version "12.0 (devel)" "(s20150603-1539-g2693dd32b)";
:ivl_delay_selection "TYPICAL";
:vpi_time_precision - 11;
:vpi_module "C:\iverilog\lib\ivl\system.vpi";
:vpi_module "C:\iverilog\lib\ivl\vhdl_sys.vpi";
:vpi_module "C:\iverilog\lib\ivl\vhdl_textio.vpi";
:vpi_module "C:\iverilog\lib\ivl\v2005_math.vpi";
:vpi_module "C:\iverilog\lib\ivl\va_math.vpi";
:vpi_module "C:\iverilog\lib\ivl\v2009.vpi";
S_0000025263a118e0 .scope package, "$unit" "$unit" 2 1;
 .timescale 0 0;
S_0000025263a11a70 .scope module, "m_top_wrapper" "m_top_wrapper" 3 3;
 .timescale -9 -10;
v0000025263a67620_0 .var "r_cc", 31 0;
v0000025263a66c20_0 .var "r_clk", 0 0;
S_00000252639beb00 .scope module, "m" "m_sim" 3 8, 4 2 0, S_0000025263a11a70;
 .timescale -9 -11;
    .port_info 0 /INPUT 1 "w_clk";
    .port_info 1 /INPUT 32 "w_cc";
v0000025263a66220_0 .net "w_cc", 31 0, v0000025263a67620_0;  1 drivers
v0000025263a665e0_0 .net "w_clk", 0 0, v0000025263a66c20_0;  1 drivers
S_00000252639bec90 .scope module, "m" "m_top" 4 5, 5 42 0, S_00000252639beb00;
 .timescale 0 0;
    .port_info 0 /INPUT 1 "w_clk";
L_0000025263a68258 .functor BUFT 1, C4<11100111110001>, C4<0>, C4<0>, C4<0>;
v0000025263a67b20_0 .net/2u *"_ivl_2", 13 0, L_0000025263a68258;  1 drivers
v0000025263a66680_0 .net *"_ivl_4", 0 0, L_0000025263a67bc0;  1 drivers
L_0000025263a682a0 .functor BUFT 1, C4<11100111110001>, C4<0>, C4<0>, C4<0>;
v0000025263a67440_0 .net/2u *"_ivl_6", 13 0, L_0000025263a682a0;  1 drivers
v0000025263a67580_0 .net *"_ivl_8", 13 0, L_0000025263a66a40;  1 drivers
v0000025263a66cc0_0 .var "r_state", 127 0;
v0000025263a67760_0 .net "r_window_out", 7 0, L_0000025263a12480;  1 drivers
v0000025263a66f40_0 .var "r_window_pointer", 6 0;
v0000025263a66fe0_0 .net "w_clk", 0 0, v0000025263a66c20_0;  alias, 1 drivers
v0000025263a67080_0 .var "w_en_RND", 0 0;
v0000025263a67800_0 .net "w_pattern_sel", 13 0, L_0000025263a660e0;  1 drivers
v0000025263a67d00_0 .net "w_raw_bits", 13 0, L_0000025263a66720;  1 drivers
v0000025263a67120_0 .var "w_rst_n", 0 0;
L_0000025263a66860 .part/v v0000025263a66cc0_0, v0000025263a66f40_0, 8;
L_0000025263a67bc0 .cmp/ge 14, L_0000025263a66720, L_0000025263a68258;
L_0000025263a66a40 .arith/sub 14, L_0000025263a66720, L_0000025263a682a0;
L_0000025263a660e0 .functor MUXZ 14, L_0000025263a66720, L_0000025263a66a40, L_0000025263a67bc0, C4<>;
S_0000025263a10810 .scope module, "mX" "m_sel_sbox" 5 57, 5 16 0, S_00000252639bec90;
 .timescale 0 0;
    .port_info 0 /INPUT 1 "w_clk";
    .port_info 1 /INPUT 1 "w_rst_n";
    .port_info 2 /INPUT 1 "w_en";
    .port_info 3 /OUTPUT 14 "r_out_rnd";
v00000252639fd0d0_0 .net *"_ivl_1", 0 0, L_0000025263a669a0;  1 drivers
v00000252639fcf90_0 .net *"_ivl_3", 510 0, L_0000025263a66540;  1 drivers
v00000252639fd5d0_0 .net *"_ivl_7", 510 0, L_0000025263a67940;  1 drivers
v00000252639fcc70_0 .net *"_ivl_9", 0 0, L_0000025263a671c0;  1 drivers
v00000252639fce50_0 .var "q", 511 0;
v00000252639fd490_0 .net "q_left", 511 0, L_0000025263a676c0;  1 drivers
v00000252639fd7b0_0 .net "q_right", 511 0, L_0000025263a673a0;  1 drivers
v00000252639fd990_0 .net "r_out_rnd", 13 0, L_0000025263a66720;  alias, 1 drivers
v00000252639fd850_0 .net "w_clk", 0 0, v0000025263a66c20_0;  alias, 1 drivers
v00000252639fcbd0_0 .net "w_en", 0 0, v0000025263a67080_0;  1 drivers
v00000252639fd710_0 .net "w_rst_n", 0 0, v0000025263a67120_0;  1 drivers
E_00000252639fb360 .event posedge, v00000252639fd850_0;
L_0000025263a669a0 .part v00000252639fce50_0, 0, 1;
L_0000025263a66540 .part v00000252639fce50_0, 1, 511;
L_0000025263a676c0 .concat [ 511 1 0 0], L_0000025263a66540, L_0000025263a669a0;
L_0000025263a67940 .part v00000252639fce50_0, 0, 511;
L_0000025263a671c0 .part v00000252639fce50_0, 511, 1;
L_0000025263a673a0 .concat [ 1 511 0 0], L_0000025263a671c0, L_0000025263a67940;
L_0000025263a66720 .part v00000252639fce50_0, 0, 14;
S_0000025263a109a0 .scope module, "mY" "m_am_rom" 5 64, 5 1 0, S_00000252639bec90;
 .timescale 0 0;
    .port_info 0 /INPUT 14 "w_sel_sbox";
    .port_info 1 /INPUT 8 "w_in_num";
    .port_info 2 /OUTPUT 8 "w_out_num";
P_00000252639bc4a0 .param/l "NUM_SBOX" 0 5 2, +C4<00000000000000000011100111110001>;
P_00000252639bc4d8 .param/l "SBOX_SIZE" 1 5 3, +C4<00000000000000000000000100000000>;
L_0000025263a12480 .functor BUFZ 8, L_0000025263a66180, C4<00000000>, C4<00000000>, C4<00000000>;
v00000252639fcd10_0 .net *"_ivl_0", 7 0, L_0000025263a66180;  1 drivers
L_0000025263a68138 .functor BUFT 1, C4<00000000000000000000000100000000>, C4<0>, C4<0>, C4<0>;
v00000252639fd170_0 .net/2u *"_ivl_10", 31 0, L_0000025263a68138;  1 drivers
v00000252639fd670_0 .net *"_ivl_13", 31 0, L_0000025263a67a80;  1 drivers
v00000252639fd210_0 .net *"_ivl_14", 9 0, L_0000025263a662c0;  1 drivers
L_0000025263a68180 .functor BUFT 1, C4<00>, C4<0>, C4<0>, C4<0>;
v00000252639fd2b0_0 .net *"_ivl_17", 1 0, L_0000025263a68180;  1 drivers
v00000252639fd350_0 .net *"_ivl_2", 23 0, L_0000025263a679e0;  1 drivers
L_0000025263a681c8 .functor BUFT 1, C4<0>, C4<0>, C4<0>, C4<0>;
v00000252639fd8f0_0 .net *"_ivl_20", 0 0, L_0000025263a681c8;  1 drivers
v00000252639fcdb0_0 .net *"_ivl_21", 32 0, L_0000025263a66360;  1 drivers
L_0000025263a68210 .functor BUFT 1, C4<00000000000000000000000>, C4<0>, C4<0>, C4<0>;
v00000252639fd3f0_0 .net *"_ivl_24", 22 0, L_0000025263a68210;  1 drivers
v00000252639fd530_0 .net *"_ivl_25", 32 0, L_0000025263a674e0;  1 drivers
v00000252639fca90_0 .net *"_ivl_26", 32 0, L_0000025263a67e40;  1 drivers
L_0000025263a680a8 .functor BUFT 1, C4<0000000000>, C4<0>, C4<0>, C4<0>;
v00000252639fcb30_0 .net *"_ivl_5", 9 0, L_0000025263a680a8;  1 drivers
v00000252639fcef0_0 .net *"_ivl_6", 31 0, L_0000025263a667c0;  1 drivers
L_0000025263a680f0 .functor BUFT 1, C4<00000000>, C4<0>, C4<0>, C4<0>;
v0000025263a66900_0 .net *"_ivl_9", 7 0, L_0000025263a680f0;  1 drivers
v0000025263a678a0 .array "rom_array", 3797247 0, 7 0;
v0000025263a664a0_0 .net "w_in_num", 7 0, L_0000025263a66860;  1 drivers
v0000025263a67300_0 .net "w_out_num", 7 0, L_0000025263a12480;  alias, 1 drivers
v0000025263a67f80_0 .net "w_sel_sbox", 13 0, L_0000025263a660e0;  alias, 1 drivers
L_0000025263a66180 .array/port v0000025263a678a0, L_0000025263a67e40;
L_0000025263a679e0 .concat [ 14 10 0 0], L_0000025263a660e0, L_0000025263a680a8;
L_0000025263a667c0 .concat [ 24 8 0 0], L_0000025263a679e0, L_0000025263a680f0;
L_0000025263a67a80 .arith/mult 32, L_0000025263a667c0, L_0000025263a68138;
L_0000025263a662c0 .concat [ 8 2 0 0], L_0000025263a66860, L_0000025263a68180;
L_0000025263a66360 .concat [ 32 1 0 0], L_0000025263a67a80, L_0000025263a681c8;
L_0000025263a674e0 .concat [ 10 23 0 0], L_0000025263a662c0, L_0000025263a68210;
L_0000025263a67e40 .arith/sum 33, L_0000025263a66360, L_0000025263a674e0;
    .scope S_0000025263a10810;
T_0 ;
    %wait E_00000252639fb360;
    %load/vec4 v00000252639fd710_0;
    %nor/r;
    %flag_set/vec4 8;
    %jmp/0xz  T_0.0, 8;
    %pushi/vec4 2779077210, 0, 288;
    %concati/vec4 2443359172, 0, 35;
    %concati/vec4 3588683655, 0, 32;
    %concati/vec4 4294443015, 0, 32;
    %concati/vec4 4007727387, 0, 33;
    %concati/vec4 3149013543, 0, 32;
    %concati/vec4 4008775955, 0, 33;
    %concati/vec4 26847914, 0, 27;
    %assign/vec4 v00000252639fce50_0, 0;
    %jmp T_0.1;
T_0.0 ;
    %load/vec4 v00000252639fcbd0_0;
    %flag_set/vec4 8;
    %jmp/0xz  T_0.2, 8;
    %load/vec4 v00000252639fd490_0;
    %load/vec4 v00000252639fce50_0;
    %load/vec4 v00000252639fd7b0_0;
    %or;
    %xor;
    %assign/vec4 v00000252639fce50_0, 0;
T_0.2 ;
T_0.1 ;
    %jmp T_0;
    .thread T_0;
    .scope S_0000025263a109a0;
T_1 ;
    %vpi_call/w 5 11 "$readmemh", "sbox_patterns.mem", v0000025263a678a0 {0 0 0};
    %end;
    .thread T_1;
    .scope S_00000252639bec90;
T_2 ;
    %wait E_00000252639fb360;
    %load/vec4 v0000025263a67120_0;
    %nor/r;
    %flag_set/vec4 8;
    %jmp/0xz  T_2.0, 8;
    %pushi/vec4 2155905152, 0, 32;
    %concati/vec4 2155905152, 0, 32;
    %concati/vec4 2155905152, 0, 32;
    %concati/vec4 2155905152, 0, 32;
    %assign/vec4 v0000025263a66cc0_0, 0;
    %pushi/vec4 0, 0, 7;
    %assign/vec4 v0000025263a66f40_0, 0;
    %jmp T_2.1;
T_2.0 ;
    %load/vec4 v0000025263a67080_0;
    %flag_set/vec4 8;
    %jmp/0xz  T_2.2, 8;
    %load/vec4 v0000025263a67760_0;
    %ix/load 5, 0, 0;
    %ix/getv 4, v0000025263a66f40_0;
    %assign/vec4/off/d v0000025263a66cc0_0, 4, 5;
    %load/vec4 v0000025263a66f40_0;
    %cmpi/u 120, 0, 7;
    %flag_inv 5; GE is !LT
    %jmp/0xz  T_2.4, 5;
    %pushi/vec4 0, 0, 7;
    %assign/vec4 v0000025263a66f40_0, 0;
    %jmp T_2.5;
T_2.4 ;
    %load/vec4 v0000025263a66f40_0;
    %addi 1, 0, 7;
    %assign/vec4 v0000025263a66f40_0, 0;
T_2.5 ;
T_2.2 ;
T_2.1 ;
    %jmp T_2;
    .thread T_2;
    .scope S_00000252639beb00;
T_3 ;
    %pushi/vec4 0, 0, 1;
    %assign/vec4 v0000025263a67120_0, 0;
    %pushi/vec4 0, 0, 1;
    %assign/vec4 v0000025263a67080_0, 0;
    %end;
    .thread T_3;
    .scope S_00000252639beb00;
T_4 ;
    %delay 9900, 0;
T_4.0 ;
    %delay 10000, 0;
    %vpi_call/w 4 12 "$display", "CC%1d %h", v0000025263a66220_0, v0000025263a66cc0_0 {0 0 0};
    %jmp T_4.0;
    %end;
    .thread T_4;
    .scope S_00000252639beb00;
T_5 ;
    %delay 15000, 0;
    %pushi/vec4 1, 0, 1;
    %assign/vec4 v0000025263a67120_0, 0;
    %pushi/vec4 1, 0, 1;
    %assign/vec4 v0000025263a67080_0, 0;
    %end;
    .thread T_5;
    .scope S_0000025263a11a70;
T_6 ;
    %pushi/vec4 0, 0, 1;
    %store/vec4 v0000025263a66c20_0, 0, 1;
    %pushi/vec4 1, 0, 32;
    %store/vec4 v0000025263a67620_0, 0, 32;
    %end;
    .thread T_6, $init;
    .scope S_0000025263a11a70;
T_7 ;
    %delay 5000, 0;
T_7.0 ;
    %delay 5000, 0;
    %load/vec4 v0000025263a66c20_0;
    %inv;
    %store/vec4 v0000025263a66c20_0, 0, 1;
    %jmp T_7.0;
    %end;
    .thread T_7;
    .scope S_0000025263a11a70;
T_8 ;
    %wait E_00000252639fb360;
    %load/vec4 v0000025263a67620_0;
    %addi 1, 0, 32;
    %store/vec4 v0000025263a67620_0, 0, 32;
    %jmp T_8;
    .thread T_8;
    .scope S_0000025263a11a70;
T_9 ;
    %delay 10000000, 0;
    %vpi_call/w 3 7 "$display", "Time out" {0 0 0};
    %vpi_call/w 3 7 "$finish" {0 0 0};
    %end;
    .thread T_9;
    .scope S_0000025263a11a70;
T_10 ;
    %vpi_call/w 3 9 "$dumpvars", 32'sb00000000000000000000000000000000, S_00000252639beb00 {0 0 0};
    %end;
    .thread T_10;
# The file index is used to find the file name in the following table.
:file_names 6;
    "N/A";
    "<interactive>";
    "-";
    "m_top_wrapper.sv";
    "m_sim.sv";
    "m_am_rom.sv";
